main.c:73:6:displayDigit	16	static
main.c:85:6:update7SEG	16	static
main.c:118:6:updateClockBuffer	4	static
main.c:136:6:digitalClock	4	static
main.c:162:6:displayLEDMatrix	16	static
main.c:172:6:updateLEDMatrix	16	static
main.c:216:6:updateClockMatrixBuffer	16	static
main.c:230:5:main	8	static
main.c:310:6:SystemClock_Config	72	static
main.c:346:13:MX_TIM2_Init	32	static
main.c:391:13:MX_GPIO_Init	32	static
main.c:441:6:HAL_TIM_PeriodElapsedCallback	16	static
main.c:451:6:Error_Handler	4	static,ignoring_inline_asm
